%lang(ru) /usr/pgsql-9.3/share/locale/ru/LC_MESSAGES/pg_config-9.3.mo
%lang(pl) /usr/pgsql-9.3/share/locale/pl/LC_MESSAGES/pg_config-9.3.mo
%lang(ja) /usr/pgsql-9.3/share/locale/ja/LC_MESSAGES/pg_config-9.3.mo
%lang(sv) /usr/pgsql-9.3/share/locale/sv/LC_MESSAGES/pg_config-9.3.mo
%lang(tr) /usr/pgsql-9.3/share/locale/tr/LC_MESSAGES/pg_config-9.3.mo
%lang(pt) /usr/pgsql-9.3/share/locale/pt_BR/LC_MESSAGES/pg_config-9.3.mo
%lang(nb) /usr/pgsql-9.3/share/locale/nb/LC_MESSAGES/pg_config-9.3.mo
%lang(zh) /usr/pgsql-9.3/share/locale/zh_CN/LC_MESSAGES/pg_config-9.3.mo
%lang(ko) /usr/pgsql-9.3/share/locale/ko/LC_MESSAGES/pg_config-9.3.mo
%lang(cs) /usr/pgsql-9.3/share/locale/cs/LC_MESSAGES/pg_config-9.3.mo
%lang(ta) /usr/pgsql-9.3/share/locale/ta/LC_MESSAGES/pg_config-9.3.mo
%lang(zh) /usr/pgsql-9.3/share/locale/zh_TW/LC_MESSAGES/pg_config-9.3.mo
%lang(ro) /usr/pgsql-9.3/share/locale/ro/LC_MESSAGES/pg_config-9.3.mo
%lang(it) /usr/pgsql-9.3/share/locale/it/LC_MESSAGES/pg_config-9.3.mo
%lang(de) /usr/pgsql-9.3/share/locale/de/LC_MESSAGES/pg_config-9.3.mo
%lang(fr) /usr/pgsql-9.3/share/locale/fr/LC_MESSAGES/pg_config-9.3.mo
%lang(es) /usr/pgsql-9.3/share/locale/es/LC_MESSAGES/pg_config-9.3.mo
%lang(ru) /usr/pgsql-9.3/share/locale/ru/LC_MESSAGES/ecpg-9.3.mo
%lang(pl) /usr/pgsql-9.3/share/locale/pl/LC_MESSAGES/ecpg-9.3.mo
%lang(ja) /usr/pgsql-9.3/share/locale/ja/LC_MESSAGES/ecpg-9.3.mo
%lang(tr) /usr/pgsql-9.3/share/locale/tr/LC_MESSAGES/ecpg-9.3.mo
%lang(pt) /usr/pgsql-9.3/share/locale/pt_BR/LC_MESSAGES/ecpg-9.3.mo
%lang(zh) /usr/pgsql-9.3/share/locale/zh_CN/LC_MESSAGES/ecpg-9.3.mo
%lang(ko) /usr/pgsql-9.3/share/locale/ko/LC_MESSAGES/ecpg-9.3.mo
%lang(cs) /usr/pgsql-9.3/share/locale/cs/LC_MESSAGES/ecpg-9.3.mo
%lang(zh) /usr/pgsql-9.3/share/locale/zh_TW/LC_MESSAGES/ecpg-9.3.mo
%lang(it) /usr/pgsql-9.3/share/locale/it/LC_MESSAGES/ecpg-9.3.mo
%lang(de) /usr/pgsql-9.3/share/locale/de/LC_MESSAGES/ecpg-9.3.mo
%lang(fr) /usr/pgsql-9.3/share/locale/fr/LC_MESSAGES/ecpg-9.3.mo
%lang(es) /usr/pgsql-9.3/share/locale/es/LC_MESSAGES/ecpg-9.3.mo
%lang(ru) /usr/pgsql-9.3/share/locale/ru/LC_MESSAGES/ecpglib6-9.3.mo
%lang(pl) /usr/pgsql-9.3/share/locale/pl/LC_MESSAGES/ecpglib6-9.3.mo
%lang(ja) /usr/pgsql-9.3/share/locale/ja/LC_MESSAGES/ecpglib6-9.3.mo
%lang(tr) /usr/pgsql-9.3/share/locale/tr/LC_MESSAGES/ecpglib6-9.3.mo
%lang(pt) /usr/pgsql-9.3/share/locale/pt_BR/LC_MESSAGES/ecpglib6-9.3.mo
%lang(zh) /usr/pgsql-9.3/share/locale/zh_CN/LC_MESSAGES/ecpglib6-9.3.mo
%lang(cs) /usr/pgsql-9.3/share/locale/cs/LC_MESSAGES/ecpglib6-9.3.mo
%lang(it) /usr/pgsql-9.3/share/locale/it/LC_MESSAGES/ecpglib6-9.3.mo
%lang(de) /usr/pgsql-9.3/share/locale/de/LC_MESSAGES/ecpglib6-9.3.mo
%lang(fr) /usr/pgsql-9.3/share/locale/fr/LC_MESSAGES/ecpglib6-9.3.mo
%lang(es) /usr/pgsql-9.3/share/locale/es/LC_MESSAGES/ecpglib6-9.3.mo
